\BOOKMARK [1][-]{section.1}{\376\377\000R\000e\000s\000u\000m\000e\000n}{}% 1
\BOOKMARK [1][-]{section.2}{\376\377\000D\000e\000f\000i\000n\000i\000c\000i\000o\000n\000e\000s\000\040\000P\000r\000e\000v\000i\000a\000s}{}% 2
\BOOKMARK [2][-]{subsection.0.1}{\376\377\000P\000l\000a\000n\000t\000a\000\040\000d\000e\000\040\000P\000r\000i\000m\000e\000r\000\040\000O\000r\000d\000e\000n\000\040\000e\000n\000\040\000T\000i\000e\000m\000p\000o\000\040\000C\000o\000n\000t\000i\000n\000u\000o}{section.2}% 3
\BOOKMARK [2][-]{subsection.0.2}{\376\377\000D\000i\000s\000c\000r\000e\000t\000i\000z\000a\000c\000i\000\363\000n\000\040\000m\000e\000d\000i\000a\000n\000t\000e\000\040\000R\000e\000t\000e\000n\000e\000d\000o\000r\000\040\000d\000e\000\040\000O\000r\000d\000e\000n\000\040\000C\000e\000r\000o\000\040\000\050\000Z\000O\000H\000\051}{section.2}% 4
\BOOKMARK [1][-]{section.3}{\376\377\000D\000i\000a\000g\000r\000a\000m\000a\000s\000\040\000y\000\040\000H\000M\000I}{}% 5
\BOOKMARK [2][-]{subsection.0.1}{\376\377\000P\000\046\000I}{section.3}% 6
\BOOKMARK [2][-]{subsection.0.2}{\376\377\000S\000A\000M\000A}{section.3}% 7
\BOOKMARK [2][-]{subsection.0.3}{\376\377\000B\000l\000o\000q\000u\000e\000s}{section.3}% 8
\BOOKMARK [2][-]{subsection.0.4}{\376\377\000N\000o\000r\000m\000a\000\040\000I\000S\000A\000\040\0001\0000\0001}{section.3}% 9
\BOOKMARK [1][-]{section.4}{\376\377\000T\000a\000r\000e\000a\000\040\000p\000e\000r\000i\000\363\000d\000i\000c\000a\000s\000\040\000y\000\040\000c\000o\000n\000t\000i\000n\000u\000a\000s}{}% 10
\BOOKMARK [2][-]{subsection.0.1}{\376\377\000T\000a\000r\000e\000a\000s}{section.4}% 11
\BOOKMARK [2][-]{subsection.0.2}{\376\377\000S\000c\000a\000n\000T\000i\000m\000e}{section.4}% 12
\BOOKMARK [2][-]{subsection.0.3}{\376\377\000T\000i\000p\000o\000s\000\040\000d\000e\000\040\000v\000a\000r\000i\000a\000b\000l\000e\000s}{section.4}% 13
\BOOKMARK [1][-]{section.5}{\376\377\000M\000o\000d\000e\000l\000a\000c\000i\000\363\000n}{}% 14
\BOOKMARK [2][-]{subsection.0.1}{\376\377\000B\000e\000r\000n\000o\000u\000l\000l\000i}{section.5}% 15
\BOOKMARK [2][-]{subsection.0.2}{\376\377\000T\000o\000r\000r\000i\000c\000e\000l\000l\000i}{section.5}% 16
\BOOKMARK [2][-]{subsection.0.3}{\376\377\000T\000r\000a\000n\000s\000p\000o\000r\000t\000e\000\040\000d\000e\000\040\000R\000e\000y\000n\000o\000l\000d\000s}{section.5}% 17
\BOOKMARK [2][-]{subsection.0.4}{\376\377\000M\000o\000d\000e\000l\000a\000c\000i\000\363\000n\000\040\000F\000e\000n\000o\000m\000e\000n\000o\000l\000\363\000g\000i\000c\000a\000\040\000d\000e\000l\000\040\000S\000e\000n\000s\000o\000r\000\040\000d\000e\000\040\000N\000i\000v\000e\000l\000\040\000\050\000P\000r\000o\000s\000o\000n\000i\000c\000\040\000M\000\051}{section.5}% 18
\BOOKMARK [2][-]{subsection.0.5}{\376\377\000M\000o\000d\000e\000l\000a\000c\000i\000\363\000n\000\040\000F\000e\000n\000o\000m\000e\000n\000o\000l\000\363\000g\000i\000c\000a\000\040\000d\000e\000l\000\040\000S\000e\000n\000s\000o\000r\000\040\000d\000e\000\040\000F\000l\000u\000j\000o\000\040\000\050\000P\000r\000o\000m\000a\000g\000\040\0005\0000\000W\000\051}{section.5}% 19
\BOOKMARK [2][-]{subsection.0.6}{\376\377\000M\000o\000d\000e\000l\000a\000c\000i\000\363\000n\000\040\000d\000e\000\040\000p\000l\000a\000n\000t\000a}{section.5}% 20
\BOOKMARK [2][-]{subsection.0.7}{\376\377\000M\000o\000d\000e\000l\000o\000\040\000c\000o\000n\000t\000i\000n\000u\000o}{section.5}% 21
\BOOKMARK [2][-]{subsection.0.8}{\376\377\000D\000i\000s\000c\000r\000e\000t\000i\000z\000a\000c\000i\000\363\000n}{section.5}% 22
\BOOKMARK [1][-]{section.6}{\376\377\000P\000I\000D}{}% 23
\BOOKMARK [2][-]{subsection.0.1}{\376\377\000P\000I\000D\000\040\000i\000n\000d\000u\000s\000t\000r\000i\000a\000l}{section.6}% 24
\BOOKMARK [2][-]{subsection.0.2}{\376\377\000P\000I\000D\000\040\000d\000i\000s\000c\000r\000e\000t\000o}{section.6}% 25
\BOOKMARK [1][-]{section.7}{\376\377\000C\000o\000n\000t\000r\000o\000l\000a\000d\000o\000r\000\040\000P\000I\000\040\000c\000o\000n\000\040\000P\000r\000e\000d\000i\000c\000t\000o\000r\000\040\000S\000m\000i\000t\000h}{}% 26
\BOOKMARK [2][-]{subsection.0.1}{\376\377\000E\000l\000\040\000P\000r\000o\000b\000l\000e\000m\000a\000\040\000d\000e\000\040\000l\000a\000\040\000I\000n\000e\000s\000t\000a\000b\000i\000l\000i\000d\000a\000d}{section.7}% 27
\BOOKMARK [2][-]{subsection.0.2}{\376\377\000L\000a\000\040\000S\000o\000l\000u\000c\000i\000\363\000n\000\040\000d\000e\000l\000\040\000P\000r\000e\000d\000i\000c\000t\000o\000r}{section.7}% 28
\BOOKMARK [2][-]{subsection.0.3}{\376\377\000D\000i\000s\000c\000r\000e\000t\000i\000z\000a\000c\000i\000\363\000n\000\040\000y\000\040\000o\000b\000t\000e\000n\000c\000i\000\363\000n\000\040\000d\000e\000\040\000P\000I\000\040\000+\000\040\000P\000S}{section.7}% 29
\BOOKMARK [1][-]{section.8}{\376\377\000D\000e\000a\000d\000b\000e\000a\000t}{}% 30
\BOOKMARK [1][-]{section.9}{\376\377\000C\000o\000n\000t\000r\000o\000l\000a\000d\000o\000r\000\040\000D\000a\000h\000l\000i\000n}{}% 31
\BOOKMARK [1][-]{section.10}{\376\377\000C\000o\000m\000b\000i\000n\000a\000c\000i\000\363\000n\000\040\000P\000I\000D\000\040\000+\000\040\000P\000r\000e\000d\000i\000c\000t\000o\000r\000\040\000S\000m\000i\000t\000h\000\040\000+\000\040\000D\000a\000h\000l\000i\000n\000.}{}% 32
\BOOKMARK [1][-]{section.11}{\376\377\000P\000I\000D\000\040\000+\000\040\000P\000r\000e\000d\000i\000c\000t\000o\000r\000\040\000S\000m\000i\000t\000h\000\040\000+\000\040\000D\000e\000a\000d\000b\000e\000a\000t}{}% 33
\BOOKMARK [1][-]{section.12}{\376\377\000F\000e\000e\000d\000-\000F\000o\000r\000w\000a\000r\000d\000\040\000\050\000P\000r\000e\000a\000l\000i\000m\000e\000n\000t\000a\000c\000i\000\363\000n\000\051}{}% 34
\BOOKMARK [1][-]{equation.57}{\376\377\000B\000i\000b\000l\000i\000o\000g\000r\000a\000f\000\355\000a}{}% 35
